To github.com:leninrafaelrierasegura/Num_Analysis.git
   bb57a7b..51cc867  main -> main
remote: warning: See https://gh.io/lfs for more information.        
remote: warning: File _site/Comparison3.html is 63.74 MB; this is larger than GitHub's recommended maximum file size of 50.00 MB        
remote: warning: GH001: Large files detected. You may want to try Git Large File Storage - https://git-lfs.github.com.        
To github.com:leninrafaelrierasegura/Num_Analysis.git
   51cc867..4f4030d  main -> main
To github.com:leninrafaelrierasegura/Num_Analysis.git
   4f4030d..c271284  main -> main
To github.com:leninrafaelrierasegura/Num_Analysis.git
   c271284..eda0571  main -> main
To github.com:leninrafaelrierasegura/Num_Analysis.git
   eda0571..b25a646  main -> main
To github.com:leninrafaelrierasegura/Num_Analysis.git
   b25a646..abba80d  main -> main
To github.com:leninrafaelrierasegura/Num_Analysis.git
   abba80d..f2b2916  main -> main
To github.com:leninrafaelrierasegura/Num_Analysis.git
   f2b2916..bac54d1  main -> main
To github.com:leninrafaelrierasegura/Num_Analysis.git
   bac54d1..efa9499  main -> main
To github.com:leninrafaelrierasegura/Num_Analysis.git
   efa9499..77d4000  main -> main
To github.com:leninrafaelrierasegura/Num_Analysis.git
   77d4000..6c11307  main -> main
To github.com:leninrafaelrierasegura/Num_Analysis.git
   6c11307..a85363d  main -> main
To github.com:leninrafaelrierasegura/Num_Analysis.git
   a85363d..521d2df  main -> main
To github.com:leninrafaelrierasegura/Num_Analysis.git
   521d2df..5d849b4  main -> main
To github.com:leninrafaelrierasegura/Num_Analysis.git
   5d849b4..658a790  main -> main
To github.com:leninrafaelrierasegura/Num_Analysis.git
   658a790..20f2686  main -> main
To github.com:leninrafaelrierasegura/Num_Analysis.git
   20f2686..5851922  main -> main
To github.com:leninrafaelrierasegura/Num_Analysis.git
   5851922..6c5b47a  main -> main
To github.com:leninrafaelrierasegura/Num_Analysis.git
   6c5b47a..5ccb0ac  main -> main
To github.com:leninrafaelrierasegura/Num_Analysis.git
   5ccb0ac..03e5d32  main -> main
To github.com:leninrafaelrierasegura/Num_Analysis.git
   03e5d32..255a946  main -> main
To github.com:leninrafaelrierasegura/Num_Analysis.git
   255a946..db9c703  main -> main
To github.com:leninrafaelrierasegura/Num_Analysis.git
   db9c703..d496399  main -> main
To github.com:leninrafaelrierasegura/Num_Analysis.git
   d496399..1501892  main -> main
To github.com:leninrafaelrierasegura/Num_Analysis.git
   1501892..b0cd418  main -> main
To github.com:leninrafaelrierasegura/Num_Analysis.git
   b0cd418..ea77d68  main -> main
To github.com:leninrafaelrierasegura/Num_Analysis.git
   ea77d68..b6a1883  main -> main
To github.com:leninrafaelrierasegura/Num_Analysis.git
   b6a1883..5fcf07e  main -> main
To github.com:leninrafaelrierasegura/Num_Analysis.git
   5fcf07e..8246e40  main -> main
To github.com:leninrafaelrierasegura/Num_Analysis.git
   8246e40..2bdbabd  main -> main
To github.com:leninrafaelrierasegura/Num_Analysis.git
   2bdbabd..12e9988  main -> main
To github.com:leninrafaelrierasegura/Num_Analysis.git
   12e9988..dcf6610  main -> main
To github.com:leninrafaelrierasegura/Num_Analysis.git
   dcf6610..1c92d79  main -> main
To github.com:leninrafaelrierasegura/Num_Analysis.git
   1c92d79..daa4d56  main -> main
To github.com:leninrafaelrierasegura/Num_Analysis.git
   daa4d56..8842656  main -> main
To github.com:leninrafaelrierasegura/Num_Analysis.git
   8842656..eb073bb  main -> main
To github.com:leninrafaelrierasegura/Num_Analysis.git
   eb073bb..a706d2c  main -> main
remote: error: Trace: d27b0a1995c7c3ed466efb1b60479c6d24451be8d7e8dee38ed4d02b6a38e196        
remote: error: See https://gh.io/lfs for more information.        
remote: error: File _site/CopyOfbasisf_plot.html is 322.58 MB; this exceeds GitHub's file size limit of 100.00 MB        
remote: error: GH001: Large files detected. You may want to try Git Large File Storage - https://git-lfs.github.com.        
To github.com:leninrafaelrierasegura/Num_Analysis.git
 ! [remote rejected] main -> main (pre-receive hook declined)
error: failed to push some refs to 'github.com:leninrafaelrierasegura/Num_Analysis.git'
remote: error: Trace: 48cecdff1e6a3479c6f79fcfcc9e295224ed42a69e6feecaa1c7217d0f64fa3c        
remote: error: See https://gh.io/lfs for more information.        
remote: error: File _site/CopyOfbasisf_plot.html is 322.58 MB; this exceeds GitHub's file size limit of 100.00 MB        
remote: error: GH001: Large files detected. You may want to try Git Large File Storage - https://git-lfs.github.com.        
To github.com:leninrafaelrierasegura/Num_Analysis.git
 ! [remote rejected] main -> main (pre-receive hook declined)
error: failed to push some refs to 'github.com:leninrafaelrierasegura/Num_Analysis.git'
remote: error: Trace: 51d29570a54ec72430abee555bb6096b1041344c09433649c911a25d9e7960d4        
remote: error: See https://gh.io/lfs for more information.        
remote: error: File _site/CopyOfbasisf_plot.html is 322.58 MB; this exceeds GitHub's file size limit of 100.00 MB        
remote: error: GH001: Large files detected. You may want to try Git Large File Storage - https://git-lfs.github.com.        
To github.com:leninrafaelrierasegura/Num_Analysis.git
 ! [remote rejected] main -> main (pre-receive hook declined)
error: failed to push some refs to 'github.com:leninrafaelrierasegura/Num_Analysis.git'
remote: error: Trace: 95a2416362a39d190cb09ce2ecf25ffc6e93cf8b23c69c5f21f3eecbcca1317f        
remote: error: See https://gh.io/lfs for more information.        
remote: error: File _site/CopyOfbasisf_plot.html is 322.58 MB; this exceeds GitHub's file size limit of 100.00 MB        
remote: error: GH001: Large files detected. You may want to try Git Large File Storage - https://git-lfs.github.com.        
To github.com:leninrafaelrierasegura/Num_Analysis.git
 ! [remote rejected] main -> main (pre-receive hook declined)
error: failed to push some refs to 'github.com:leninrafaelrierasegura/Num_Analysis.git'
remote: error: Trace: 322ddadecb05d04a782fd3963c0fdd4b6714f5ee182c0ce63f92b4450e0cf3d8        
remote: error: See https://gh.io/lfs for more information.        
remote: error: File _site/CopyOfbasisf_plot.html is 322.58 MB; this exceeds GitHub's file size limit of 100.00 MB        
remote: error: GH001: Large files detected. You may want to try Git Large File Storage - https://git-lfs.github.com.        
To github.com:leninrafaelrierasegura/Num_Analysis.git
 ! [remote rejected] main -> main (pre-receive hook declined)
error: failed to push some refs to 'github.com:leninrafaelrierasegura/Num_Analysis.git'
remote: error: Trace: f3c9d82ab940a2cf19f5efa64f4318fbcda0751b4a126eebbe50b5de2a55999e        
remote: error: See https://gh.io/lfs for more information.        
remote: error: File _site/CopyOfbasisf_plot.html is 322.58 MB; this exceeds GitHub's file size limit of 100.00 MB        
remote: error: GH001: Large files detected. You may want to try Git Large File Storage - https://git-lfs.github.com.        
To github.com:leninrafaelrierasegura/Num_Analysis.git
 ! [remote rejected] main -> main (pre-receive hook declined)
error: failed to push some refs to 'github.com:leninrafaelrierasegura/Num_Analysis.git'
remote: error: Trace: ed5dd21b30a032a9706c7a4a348d65ca6eb51d2ad2a1dbf74665866fce486685        
remote: error: See https://gh.io/lfs for more information.        
remote: error: File _site/CopyOfbasisf_plot.html is 322.58 MB; this exceeds GitHub's file size limit of 100.00 MB        
remote: error: GH001: Large files detected. You may want to try Git Large File Storage - https://git-lfs.github.com.        
To github.com:leninrafaelrierasegura/Num_Analysis.git
 ! [remote rejected] main -> main (pre-receive hook declined)
error: failed to push some refs to 'github.com:leninrafaelrierasegura/Num_Analysis.git'
remote: error: Trace: ecbb8f5b87e196213a170b9bd7453e93d6d6ba479185559dc5cc5ebb89aabeef        
remote: error: See https://gh.io/lfs for more information.        
remote: error: File _site/CopyOfbasisf_plot.html is 322.58 MB; this exceeds GitHub's file size limit of 100.00 MB        
remote: error: GH001: Large files detected. You may want to try Git Large File Storage - https://git-lfs.github.com.        
To github.com:leninrafaelrierasegura/Num_Analysis.git
 ! [remote rejected] main -> main (pre-receive hook declined)
error: failed to push some refs to 'github.com:leninrafaelrierasegura/Num_Analysis.git'
remote: error: Trace: 80d1d39f612df9e2acf6b1270ba2f0e9cef1f6687dfca1d3deac6460ab4efae7        
remote: error: See https://gh.io/lfs for more information.        
remote: error: File _site/CopyOfbasisf_plot.html is 322.58 MB; this exceeds GitHub's file size limit of 100.00 MB        
remote: error: GH001: Large files detected. You may want to try Git Large File Storage - https://git-lfs.github.com.        
To github.com:leninrafaelrierasegura/Num_Analysis.git
 ! [remote rejected] main -> main (pre-receive hook declined)
error: failed to push some refs to 'github.com:leninrafaelrierasegura/Num_Analysis.git'
remote: error: Trace: 800d3cb5cfca3d48d66f1ba2babc8dc0f9caf8070d14b74ed23c56e161bbdf5b        
remote: error: See https://gh.io/lfs for more information.        
remote: error: File _site/CopyOfbasisf_plot.html is 322.58 MB; this exceeds GitHub's file size limit of 100.00 MB        
remote: error: GH001: Large files detected. You may want to try Git Large File Storage - https://git-lfs.github.com.        
To github.com:leninrafaelrierasegura/Num_Analysis.git
 ! [remote rejected] main -> main (pre-receive hook declined)
error: failed to push some refs to 'github.com:leninrafaelrierasegura/Num_Analysis.git'
remote: error: Trace: 826887e7f682e0c6f642f61eaff03108899a2d7d113c32c21851c0cefc912e2d        
remote: error: See https://gh.io/lfs for more information.        
remote: error: File _site/CopyOfbasisf_plot.html is 322.58 MB; this exceeds GitHub's file size limit of 100.00 MB        
remote: error: GH001: Large files detected. You may want to try Git Large File Storage - https://git-lfs.github.com.        
To github.com:leninrafaelrierasegura/Num_Analysis.git
 ! [remote rejected] main -> main (pre-receive hook declined)
error: failed to push some refs to 'github.com:leninrafaelrierasegura/Num_Analysis.git'
remote: error: Trace: 3dc2e65e69e21b59d7d3d62408d73308b753321635e49ab5d3db42ce18a68806        
remote: error: See https://gh.io/lfs for more information.        
remote: error: File _site/CopyOfbasisf_plot.html is 322.58 MB; this exceeds GitHub's file size limit of 100.00 MB        
remote: error: GH001: Large files detected. You may want to try Git Large File Storage - https://git-lfs.github.com.        
To github.com:leninrafaelrierasegura/Num_Analysis.git
 ! [remote rejected] main -> main (pre-receive hook declined)
error: failed to push some refs to 'github.com:leninrafaelrierasegura/Num_Analysis.git'
remote: error: Trace: 3b66959b92b090a93cc3ed94671d0f50545d280035ceb269b1f9b0ac3876743d        
remote: error: See https://gh.io/lfs for more information.        
remote: error: File _site/CopyOfbasisf_plot.html is 322.58 MB; this exceeds GitHub's file size limit of 100.00 MB        
remote: error: GH001: Large files detected. You may want to try Git Large File Storage - https://git-lfs.github.com.        
To github.com:leninrafaelrierasegura/Num_Analysis.git
 ! [remote rejected] main -> main (pre-receive hook declined)
error: failed to push some refs to 'github.com:leninrafaelrierasegura/Num_Analysis.git'
remote: error: Trace: 09b44d26946614369700f08064a09a7df0cd2333f5cb0b64e9b4cc1caa9e4a0d        
remote: error: See https://gh.io/lfs for more information.        
remote: error: File _site/CopyOfbasisf_plot.html is 322.58 MB; this exceeds GitHub's file size limit of 100.00 MB        
remote: error: GH001: Large files detected. You may want to try Git Large File Storage - https://git-lfs.github.com.        
To github.com:leninrafaelrierasegura/Num_Analysis.git
 ! [remote rejected] main -> main (pre-receive hook declined)
error: failed to push some refs to 'github.com:leninrafaelrierasegura/Num_Analysis.git'
remote: error: Trace: 53d70f2c921ee39a9ff8c43dcffa68aba2525697eeee6ae3e15861e0ab3bfdd5        
remote: error: See https://gh.io/lfs for more information.        
remote: error: File _site/CopyOfbasisf_plot.html is 322.58 MB; this exceeds GitHub's file size limit of 100.00 MB        
remote: error: GH001: Large files detected. You may want to try Git Large File Storage - https://git-lfs.github.com.        
To github.com:leninrafaelrierasegura/Num_Analysis.git
 ! [remote rejected] main -> main (pre-receive hook declined)
error: failed to push some refs to 'github.com:leninrafaelrierasegura/Num_Analysis.git'
remote: error: Trace: 15e4c817c664d7615832f1c173e1342def7a21ea9bc2315c564aa6937dd8abb6        
remote: error: See https://gh.io/lfs for more information.        
remote: error: File _site/CopyOfbasisf_plot.html is 322.58 MB; this exceeds GitHub's file size limit of 100.00 MB        
remote: error: GH001: Large files detected. You may want to try Git Large File Storage - https://git-lfs.github.com.        
To github.com:leninrafaelrierasegura/Num_Analysis.git
 ! [remote rejected] main -> main (pre-receive hook declined)
error: failed to push some refs to 'github.com:leninrafaelrierasegura/Num_Analysis.git'
remote: error: Trace: 3fd434bee095759f1bc13da0832b1aa24f2b0fc19761d66a3c3dd8067b0fb9dd        
remote: error: See https://gh.io/lfs for more information.        
remote: error: File _site/CopyOfbasisf_plot.html is 322.58 MB; this exceeds GitHub's file size limit of 100.00 MB        
remote: error: GH001: Large files detected. You may want to try Git Large File Storage - https://git-lfs.github.com.        
To github.com:leninrafaelrierasegura/Num_Analysis.git
 ! [remote rejected] main -> main (pre-receive hook declined)
error: failed to push some refs to 'github.com:leninrafaelrierasegura/Num_Analysis.git'
